// Jest Snapshot v1, https://goo.gl/fbAQLP

exports[`ArenaDamageCalculator with interface-based mocking should match snapshot for known randomness sequence 1`] = `
Array [
  Hero {
    "buffs": Array [],
    "crtr": 0,
    "def": 500,
    "element": 2,
    "leth": 0,
    "lp": 0,
    "pow": 0,
  },
  Hero {
    "buffs": Array [
      1,
    ],
    "crtr": 0,
    "def": 500,
    "element": 0,
    "leth": 0,
    "lp": 1000,
    "pow": 0,
  },
]
`;
